core_cm3.h:1511:22:__NVIC_EnableIRQ	16	static
core_cm3.h:1600:22:__NVIC_ClearPendingIRQ	16	static
core_cm3.h:1639:22:__NVIC_SetPriority	16	static
tim.c:14:6:tim_TIM3_config	4	static
tim.c:39:6:tim_TIM2_delayConfig	4	static
tim.c:57:6:tim_TIM2_myDelayConfig	4	static
tim.c:76:6:tim_TIM2_msDelay	16	static
tim.c:86:6:delay_us	16	static
tim.c:93:6:delay_ms	16	static
tim.c:105:6:tim_TIM2_periodicINTConfig	8	static
tim.c:134:6:tim_TIM1_CH1N_OC_config	4	static
tim.c:176:6:tim_TIM3_PWM_RGB_config	4	static
tim.c:217:6:tim_TIM3_PWM_setRGB	16	static
tim.c:227:6:tim_TIM4_Encoder_config	4	static
tim.c:268:6:tim_TIM2_initTicks	8	static
tim.c:294:6:TIM2_IRQHandler	8	static
