rc522.c:17:6:rc522_init	8	static
rc522.c:38:9:rc522_regRead8	24	static
rc522.c:52:6:rc522_regWrite8	24	static
rc522.c:63:6:rc522_setBit	16	static
rc522.c:71:6:rc522_clearBit	16	static
rc522.c:79:6:rc522_reset	8	static
rc522.c:87:6:rc522_antennaON	16	static
rc522.c:100:6:rc522_checkCard	24	static
rc522.c:118:6:rc522_request	32	static
rc522.c:134:6:rc522_toCard	40	static
rc522.c:235:6:rc522_antiColl	32	static
rc522.c:266:6:rc522_halt	24	static
rc522.c:278:6:rc522_calculateCRC	40	static
rc522.c:307:6:rc522_compareIds	24	static
